// Jest Snapshot v1, https://goo.gl/fbAQLP

exports[`Renders correctly, expect onpress to be defined, but not called 1`] = `
ShallowWrapper {
  Symbol(enzyme.__root__): [Circular],
  Symbol(enzyme.__unrendered__): <ContentWrapper>
    Object {}
  </ContentWrapper>,
  Symbol(enzyme.__renderer__): Object {
    "batchedUpdates": [Function],
    "getNode": [Function],
    "render": [Function],
    "simulateError": [Function],
    "simulateEvent": [Function],
    "unmount": [Function],
  },
  Symbol(enzyme.__node__): Object {
    "instance": null,
    "key": undefined,
    "nodeType": "class",
    "props": Object {
      "children": Object {},
      "style": Array [
        Object {
          "alignItems": "center",
          "backgroundColor": "#ffffff",
          "flex": 1,
          "justifyContent": "center",
        },
        undefined,
      ],
    },
    "ref": null,
    "rendered": Object {},
    "type": [Function],
  },
  Symbol(enzyme.__nodes__): Array [
    Object {
      "instance": null,
      "key": undefined,
      "nodeType": "class",
      "props": Object {
        "children": Object {},
        "style": Array [
          Object {
            "alignItems": "center",
            "backgroundColor": "#ffffff",
            "flex": 1,
            "justifyContent": "center",
          },
          undefined,
        ],
      },
      "ref": null,
      "rendered": Object {},
      "type": [Function],
    },
  ],
  Symbol(enzyme.__options__): Object {
    "adapter": ReactSixteenAdapter {
      "options": Object {
        "enableComponentDidUpdateOnSetState": true,
        "lifecycles": Object {
          "componentDidUpdate": Object {
            "onSetState": true,
          },
          "getDerivedStateFromProps": true,
          "getSnapshotBeforeUpdate": true,
          "setState": Object {
            "skipsComponentDidUpdateOnNullish": true,
          },
        },
      },
    },
    "attachTo": undefined,
    "hydrateIn": undefined,
  },
}
`;
