// Jest Snapshot v1, https://goo.gl/fbAQLP

exports[`Placeholder component Renders correctly it renders default Placeholder 1`] = `
ShallowWrapper {
  Symbol(enzyme.__root__): [Circular],
  Symbol(enzyme.__unrendered__): <Placeholder
    height={300}
    isRectangular={false}
    isSquare={false}
    width={300}
  />,
  Symbol(enzyme.__renderer__): Object {
    "batchedUpdates": [Function],
    "getNode": [Function],
    "render": [Function],
    "simulateError": [Function],
    "simulateEvent": [Function],
    "unmount": [Function],
  },
  Symbol(enzyme.__node__): Object {
    "instance": null,
    "key": undefined,
    "nodeType": "class",
    "props": Object {
      "children": <Styled(View)
        backgroundColor="#f8f8fc"
        height={300}
        width={300}
      >
        <Styled(View)
          left={75}
          top={75}
        >
          <Svg
            height={150}
            preserveAspectRatio="xMidYMid meet"
            viewBox="0 0 160 100"
            width={150}
          >
            <G>
              <Ellipse
                cx="122.653"
                cy="30.494"
                fill="#D5D5D9"
                opacity=".1"
                rx="30.347"
                ry="30.494"
              />
              <Path
                d="M90.224 94.269c-.779-16.456-7.821-73.357-21.956-62.37-14.135 10.987-15.026 48.995-25.695 57.866C31.903 98.635 28.712 51 20.972 51.864 13.232 52.727 0 105.88 0 105.88l.33-.334s91.615.113 90.368 1.323c.006 0-.237-7.63-.474-12.6z"
                fill="#9E9E9E"
                fill-rule="nonzero"
                opacity=".2"
              />
              <G
                fill="#FFF"
                fill-rule="nonzero"
              >
                <Path
                  d="M103.41 21.6H56.489a2.645 2.645 0 0 0-2.502 2.653c0 1.417 1.1 2.584 2.502 2.654h10.003a2.645 2.645 0 0 1 2.502 2.653c0 1.416-1.1 2.584-2.502 2.653H46.568a2.625 2.625 0 0 0-2.386 1.288 2.678 2.678 0 0 0 0 2.731 2.627 2.627 0 0 0 2.386 1.288h76.899c1.45.01 2.633-1.167 2.644-2.631.01-1.464-1.156-2.659-2.606-2.67H87.28a2.625 2.625 0 0 1-2.386-1.287c-.5-.84-.5-1.89 0-2.731a2.625 2.625 0 0 1 2.386-1.288h16.13a2.625 2.625 0 0 0 2.386-1.288c.499-.84.499-1.89 0-2.731a2.625 2.625 0 0 0-2.386-1.288V21.6z"
                  opacity=".78"
                />
                <Path
                  d="M155.415 49.006h-52.59a2.645 2.645 0 0 0-2.502 2.653c0 1.416 1.1 2.584 2.502 2.653h15.666a2.625 2.625 0 0 1 2.386 1.288c.499.84.499 1.89 0 2.731a2.625 2.625 0 0 1-2.386 1.288H63.46a2.625 2.625 0 0 0-2.386 1.287c-.5.841-.5 1.891 0 2.732a2.626 2.626 0 0 0 2.386 1.287h15.665a2.625 2.625 0 0 1 2.386 1.288c.5.84.5 1.89 0 2.731a2.625 2.625 0 0 1-2.386 1.288H59.19a2.645 2.645 0 0 0-2.502 2.653c0 1.417 1.1 2.584 2.502 2.653h52.59c1.45.011 2.633-1.167 2.643-2.63.01-1.464-1.156-2.659-2.605-2.67h-6.019a2.625 2.625 0 0 1-2.386-1.287 2.68 2.68 0 0 1 0-2.732 2.625 2.625 0 0 1 2.386-1.287h45.358c1.45.01 2.633-1.167 2.644-2.631.01-1.464-1.156-2.659-2.606-2.67h-6.038a2.625 2.625 0 0 1-2.386-1.287 2.678 2.678 0 0 1 0-2.731 2.625 2.625 0 0 1 2.386-1.288h10.251a2.645 2.645 0 0 0 2.502-2.653c0-1.417-1.1-2.584-2.502-2.654l.007-.012z"
                  opacity=".73"
                />
              </G>
            </G>
          </Svg>
        </Styled(View)>
      </Styled(View)>,
    },
    "ref": null,
    "rendered": Object {
      "instance": null,
      "key": undefined,
      "nodeType": "class",
      "props": Object {
        "backgroundColor": "#f8f8fc",
        "children": <Styled(View)
          left={75}
          top={75}
        >
          <Svg
            height={150}
            preserveAspectRatio="xMidYMid meet"
            viewBox="0 0 160 100"
            width={150}
          >
            <G>
              <Ellipse
                cx="122.653"
                cy="30.494"
                fill="#D5D5D9"
                opacity=".1"
                rx="30.347"
                ry="30.494"
              />
              <Path
                d="M90.224 94.269c-.779-16.456-7.821-73.357-21.956-62.37-14.135 10.987-15.026 48.995-25.695 57.866C31.903 98.635 28.712 51 20.972 51.864 13.232 52.727 0 105.88 0 105.88l.33-.334s91.615.113 90.368 1.323c.006 0-.237-7.63-.474-12.6z"
                fill="#9E9E9E"
                fill-rule="nonzero"
                opacity=".2"
              />
              <G
                fill="#FFF"
                fill-rule="nonzero"
              >
                <Path
                  d="M103.41 21.6H56.489a2.645 2.645 0 0 0-2.502 2.653c0 1.417 1.1 2.584 2.502 2.654h10.003a2.645 2.645 0 0 1 2.502 2.653c0 1.416-1.1 2.584-2.502 2.653H46.568a2.625 2.625 0 0 0-2.386 1.288 2.678 2.678 0 0 0 0 2.731 2.627 2.627 0 0 0 2.386 1.288h76.899c1.45.01 2.633-1.167 2.644-2.631.01-1.464-1.156-2.659-2.606-2.67H87.28a2.625 2.625 0 0 1-2.386-1.287c-.5-.84-.5-1.89 0-2.731a2.625 2.625 0 0 1 2.386-1.288h16.13a2.625 2.625 0 0 0 2.386-1.288c.499-.84.499-1.89 0-2.731a2.625 2.625 0 0 0-2.386-1.288V21.6z"
                  opacity=".78"
                />
                <Path
                  d="M155.415 49.006h-52.59a2.645 2.645 0 0 0-2.502 2.653c0 1.416 1.1 2.584 2.502 2.653h15.666a2.625 2.625 0 0 1 2.386 1.288c.499.84.499 1.89 0 2.731a2.625 2.625 0 0 1-2.386 1.288H63.46a2.625 2.625 0 0 0-2.386 1.287c-.5.841-.5 1.891 0 2.732a2.626 2.626 0 0 0 2.386 1.287h15.665a2.625 2.625 0 0 1 2.386 1.288c.5.84.5 1.89 0 2.731a2.625 2.625 0 0 1-2.386 1.288H59.19a2.645 2.645 0 0 0-2.502 2.653c0 1.417 1.1 2.584 2.502 2.653h52.59c1.45.011 2.633-1.167 2.643-2.63.01-1.464-1.156-2.659-2.605-2.67h-6.019a2.625 2.625 0 0 1-2.386-1.287 2.68 2.68 0 0 1 0-2.732 2.625 2.625 0 0 1 2.386-1.287h45.358c1.45.01 2.633-1.167 2.644-2.631.01-1.464-1.156-2.659-2.606-2.67h-6.038a2.625 2.625 0 0 1-2.386-1.287 2.678 2.678 0 0 1 0-2.731 2.625 2.625 0 0 1 2.386-1.288h10.251a2.645 2.645 0 0 0 2.502-2.653c0-1.417-1.1-2.584-2.502-2.654l.007-.012z"
                  opacity=".73"
                />
              </G>
            </G>
          </Svg>
        </Styled(View)>,
        "height": 300,
        "width": 300,
      },
      "ref": null,
      "rendered": Object {
        "instance": null,
        "key": undefined,
        "nodeType": "class",
        "props": Object {
          "children": <Svg
            height={150}
            preserveAspectRatio="xMidYMid meet"
            viewBox="0 0 160 100"
            width={150}
          >
            <G>
              <Ellipse
                cx="122.653"
                cy="30.494"
                fill="#D5D5D9"
                opacity=".1"
                rx="30.347"
                ry="30.494"
              />
              <Path
                d="M90.224 94.269c-.779-16.456-7.821-73.357-21.956-62.37-14.135 10.987-15.026 48.995-25.695 57.866C31.903 98.635 28.712 51 20.972 51.864 13.232 52.727 0 105.88 0 105.88l.33-.334s91.615.113 90.368 1.323c.006 0-.237-7.63-.474-12.6z"
                fill="#9E9E9E"
                fill-rule="nonzero"
                opacity=".2"
              />
              <G
                fill="#FFF"
                fill-rule="nonzero"
              >
                <Path
                  d="M103.41 21.6H56.489a2.645 2.645 0 0 0-2.502 2.653c0 1.417 1.1 2.584 2.502 2.654h10.003a2.645 2.645 0 0 1 2.502 2.653c0 1.416-1.1 2.584-2.502 2.653H46.568a2.625 2.625 0 0 0-2.386 1.288 2.678 2.678 0 0 0 0 2.731 2.627 2.627 0 0 0 2.386 1.288h76.899c1.45.01 2.633-1.167 2.644-2.631.01-1.464-1.156-2.659-2.606-2.67H87.28a2.625 2.625 0 0 1-2.386-1.287c-.5-.84-.5-1.89 0-2.731a2.625 2.625 0 0 1 2.386-1.288h16.13a2.625 2.625 0 0 0 2.386-1.288c.499-.84.499-1.89 0-2.731a2.625 2.625 0 0 0-2.386-1.288V21.6z"
                  opacity=".78"
                />
                <Path
                  d="M155.415 49.006h-52.59a2.645 2.645 0 0 0-2.502 2.653c0 1.416 1.1 2.584 2.502 2.653h15.666a2.625 2.625 0 0 1 2.386 1.288c.499.84.499 1.89 0 2.731a2.625 2.625 0 0 1-2.386 1.288H63.46a2.625 2.625 0 0 0-2.386 1.287c-.5.841-.5 1.891 0 2.732a2.626 2.626 0 0 0 2.386 1.287h15.665a2.625 2.625 0 0 1 2.386 1.288c.5.84.5 1.89 0 2.731a2.625 2.625 0 0 1-2.386 1.288H59.19a2.645 2.645 0 0 0-2.502 2.653c0 1.417 1.1 2.584 2.502 2.653h52.59c1.45.011 2.633-1.167 2.643-2.63.01-1.464-1.156-2.659-2.605-2.67h-6.019a2.625 2.625 0 0 1-2.386-1.287 2.68 2.68 0 0 1 0-2.732 2.625 2.625 0 0 1 2.386-1.287h45.358c1.45.01 2.633-1.167 2.644-2.631.01-1.464-1.156-2.659-2.606-2.67h-6.038a2.625 2.625 0 0 1-2.386-1.287 2.678 2.678 0 0 1 0-2.731 2.625 2.625 0 0 1 2.386-1.288h10.251a2.645 2.645 0 0 0 2.502-2.653c0-1.417-1.1-2.584-2.502-2.654l.007-.012z"
                  opacity=".73"
                />
              </G>
            </G>
          </Svg>,
          "left": 75,
          "top": 75,
        },
        "ref": null,
        "rendered": Object {
          "instance": null,
          "key": undefined,
          "nodeType": "class",
          "props": Object {
            "children": <G>
              <Ellipse
                cx="122.653"
                cy="30.494"
                fill="#D5D5D9"
                opacity=".1"
                rx="30.347"
                ry="30.494"
              />
              <Path
                d="M90.224 94.269c-.779-16.456-7.821-73.357-21.956-62.37-14.135 10.987-15.026 48.995-25.695 57.866C31.903 98.635 28.712 51 20.972 51.864 13.232 52.727 0 105.88 0 105.88l.33-.334s91.615.113 90.368 1.323c.006 0-.237-7.63-.474-12.6z"
                fill="#9E9E9E"
                fill-rule="nonzero"
                opacity=".2"
              />
              <G
                fill="#FFF"
                fill-rule="nonzero"
              >
                <Path
                  d="M103.41 21.6H56.489a2.645 2.645 0 0 0-2.502 2.653c0 1.417 1.1 2.584 2.502 2.654h10.003a2.645 2.645 0 0 1 2.502 2.653c0 1.416-1.1 2.584-2.502 2.653H46.568a2.625 2.625 0 0 0-2.386 1.288 2.678 2.678 0 0 0 0 2.731 2.627 2.627 0 0 0 2.386 1.288h76.899c1.45.01 2.633-1.167 2.644-2.631.01-1.464-1.156-2.659-2.606-2.67H87.28a2.625 2.625 0 0 1-2.386-1.287c-.5-.84-.5-1.89 0-2.731a2.625 2.625 0 0 1 2.386-1.288h16.13a2.625 2.625 0 0 0 2.386-1.288c.499-.84.499-1.89 0-2.731a2.625 2.625 0 0 0-2.386-1.288V21.6z"
                  opacity=".78"
                />
                <Path
                  d="M155.415 49.006h-52.59a2.645 2.645 0 0 0-2.502 2.653c0 1.416 1.1 2.584 2.502 2.653h15.666a2.625 2.625 0 0 1 2.386 1.288c.499.84.499 1.89 0 2.731a2.625 2.625 0 0 1-2.386 1.288H63.46a2.625 2.625 0 0 0-2.386 1.287c-.5.841-.5 1.891 0 2.732a2.626 2.626 0 0 0 2.386 1.287h15.665a2.625 2.625 0 0 1 2.386 1.288c.5.84.5 1.89 0 2.731a2.625 2.625 0 0 1-2.386 1.288H59.19a2.645 2.645 0 0 0-2.502 2.653c0 1.417 1.1 2.584 2.502 2.653h52.59c1.45.011 2.633-1.167 2.643-2.63.01-1.464-1.156-2.659-2.605-2.67h-6.019a2.625 2.625 0 0 1-2.386-1.287 2.68 2.68 0 0 1 0-2.732 2.625 2.625 0 0 1 2.386-1.287h45.358c1.45.01 2.633-1.167 2.644-2.631.01-1.464-1.156-2.659-2.606-2.67h-6.038a2.625 2.625 0 0 1-2.386-1.287 2.678 2.678 0 0 1 0-2.731 2.625 2.625 0 0 1 2.386-1.288h10.251a2.645 2.645 0 0 0 2.502-2.653c0-1.417-1.1-2.584-2.502-2.654l.007-.012z"
                  opacity=".73"
                />
              </G>
            </G>,
            "height": 150,
            "preserveAspectRatio": "xMidYMid meet",
            "viewBox": "0 0 160 100",
            "width": 150,
          },
          "ref": null,
          "rendered": Object {
            "instance": null,
            "key": undefined,
            "nodeType": "class",
            "props": Object {
              "children": Array [
                <Ellipse
                  cx="122.653"
                  cy="30.494"
                  fill="#D5D5D9"
                  opacity=".1"
                  rx="30.347"
                  ry="30.494"
                />,
                <Path
                  d="M90.224 94.269c-.779-16.456-7.821-73.357-21.956-62.37-14.135 10.987-15.026 48.995-25.695 57.866C31.903 98.635 28.712 51 20.972 51.864 13.232 52.727 0 105.88 0 105.88l.33-.334s91.615.113 90.368 1.323c.006 0-.237-7.63-.474-12.6z"
                  fill="#9E9E9E"
                  fill-rule="nonzero"
                  opacity=".2"
                />,
                <G
                  fill="#FFF"
                  fill-rule="nonzero"
                >
                  <Path
                    d="M103.41 21.6H56.489a2.645 2.645 0 0 0-2.502 2.653c0 1.417 1.1 2.584 2.502 2.654h10.003a2.645 2.645 0 0 1 2.502 2.653c0 1.416-1.1 2.584-2.502 2.653H46.568a2.625 2.625 0 0 0-2.386 1.288 2.678 2.678 0 0 0 0 2.731 2.627 2.627 0 0 0 2.386 1.288h76.899c1.45.01 2.633-1.167 2.644-2.631.01-1.464-1.156-2.659-2.606-2.67H87.28a2.625 2.625 0 0 1-2.386-1.287c-.5-.84-.5-1.89 0-2.731a2.625 2.625 0 0 1 2.386-1.288h16.13a2.625 2.625 0 0 0 2.386-1.288c.499-.84.499-1.89 0-2.731a2.625 2.625 0 0 0-2.386-1.288V21.6z"
                    opacity=".78"
                  />
                  <Path
                    d="M155.415 49.006h-52.59a2.645 2.645 0 0 0-2.502 2.653c0 1.416 1.1 2.584 2.502 2.653h15.666a2.625 2.625 0 0 1 2.386 1.288c.499.84.499 1.89 0 2.731a2.625 2.625 0 0 1-2.386 1.288H63.46a2.625 2.625 0 0 0-2.386 1.287c-.5.841-.5 1.891 0 2.732a2.626 2.626 0 0 0 2.386 1.287h15.665a2.625 2.625 0 0 1 2.386 1.288c.5.84.5 1.89 0 2.731a2.625 2.625 0 0 1-2.386 1.288H59.19a2.645 2.645 0 0 0-2.502 2.653c0 1.417 1.1 2.584 2.502 2.653h52.59c1.45.011 2.633-1.167 2.643-2.63.01-1.464-1.156-2.659-2.605-2.67h-6.019a2.625 2.625 0 0 1-2.386-1.287 2.68 2.68 0 0 1 0-2.732 2.625 2.625 0 0 1 2.386-1.287h45.358c1.45.01 2.633-1.167 2.644-2.631.01-1.464-1.156-2.659-2.606-2.67h-6.038a2.625 2.625 0 0 1-2.386-1.287 2.678 2.678 0 0 1 0-2.731 2.625 2.625 0 0 1 2.386-1.288h10.251a2.645 2.645 0 0 0 2.502-2.653c0-1.417-1.1-2.584-2.502-2.654l.007-.012z"
                    opacity=".73"
                  />
                </G>,
              ],
            },
            "ref": null,
            "rendered": Array [
              Object {
                "instance": null,
                "key": undefined,
                "nodeType": "class",
                "props": Object {
                  "cx": "122.653",
                  "cy": "30.494",
                  "fill": "#D5D5D9",
                  "opacity": ".1",
                  "rx": "30.347",
                  "ry": "30.494",
                },
                "ref": null,
                "rendered": null,
                "type": [Function],
              },
              Object {
                "instance": null,
                "key": undefined,
                "nodeType": "class",
                "props": Object {
                  "d": "M90.224 94.269c-.779-16.456-7.821-73.357-21.956-62.37-14.135 10.987-15.026 48.995-25.695 57.866C31.903 98.635 28.712 51 20.972 51.864 13.232 52.727 0 105.88 0 105.88l.33-.334s91.615.113 90.368 1.323c.006 0-.237-7.63-.474-12.6z",
                  "fill": "#9E9E9E",
                  "fill-rule": "nonzero",
                  "opacity": ".2",
                },
                "ref": null,
                "rendered": null,
                "type": [Function],
              },
              Object {
                "instance": null,
                "key": undefined,
                "nodeType": "class",
                "props": Object {
                  "children": Array [
                    <Path
                      d="M103.41 21.6H56.489a2.645 2.645 0 0 0-2.502 2.653c0 1.417 1.1 2.584 2.502 2.654h10.003a2.645 2.645 0 0 1 2.502 2.653c0 1.416-1.1 2.584-2.502 2.653H46.568a2.625 2.625 0 0 0-2.386 1.288 2.678 2.678 0 0 0 0 2.731 2.627 2.627 0 0 0 2.386 1.288h76.899c1.45.01 2.633-1.167 2.644-2.631.01-1.464-1.156-2.659-2.606-2.67H87.28a2.625 2.625 0 0 1-2.386-1.287c-.5-.84-.5-1.89 0-2.731a2.625 2.625 0 0 1 2.386-1.288h16.13a2.625 2.625 0 0 0 2.386-1.288c.499-.84.499-1.89 0-2.731a2.625 2.625 0 0 0-2.386-1.288V21.6z"
                      opacity=".78"
                    />,
                    <Path
                      d="M155.415 49.006h-52.59a2.645 2.645 0 0 0-2.502 2.653c0 1.416 1.1 2.584 2.502 2.653h15.666a2.625 2.625 0 0 1 2.386 1.288c.499.84.499 1.89 0 2.731a2.625 2.625 0 0 1-2.386 1.288H63.46a2.625 2.625 0 0 0-2.386 1.287c-.5.841-.5 1.891 0 2.732a2.626 2.626 0 0 0 2.386 1.287h15.665a2.625 2.625 0 0 1 2.386 1.288c.5.84.5 1.89 0 2.731a2.625 2.625 0 0 1-2.386 1.288H59.19a2.645 2.645 0 0 0-2.502 2.653c0 1.417 1.1 2.584 2.502 2.653h52.59c1.45.011 2.633-1.167 2.643-2.63.01-1.464-1.156-2.659-2.605-2.67h-6.019a2.625 2.625 0 0 1-2.386-1.287 2.68 2.68 0 0 1 0-2.732 2.625 2.625 0 0 1 2.386-1.287h45.358c1.45.01 2.633-1.167 2.644-2.631.01-1.464-1.156-2.659-2.606-2.67h-6.038a2.625 2.625 0 0 1-2.386-1.287 2.678 2.678 0 0 1 0-2.731 2.625 2.625 0 0 1 2.386-1.288h10.251a2.645 2.645 0 0 0 2.502-2.653c0-1.417-1.1-2.584-2.502-2.654l.007-.012z"
                      opacity=".73"
                    />,
                  ],
                  "fill": "#FFF",
                  "fill-rule": "nonzero",
                },
                "ref": null,
                "rendered": Array [
                  Object {
                    "instance": null,
                    "key": undefined,
                    "nodeType": "class",
                    "props": Object {
                      "d": "M103.41 21.6H56.489a2.645 2.645 0 0 0-2.502 2.653c0 1.417 1.1 2.584 2.502 2.654h10.003a2.645 2.645 0 0 1 2.502 2.653c0 1.416-1.1 2.584-2.502 2.653H46.568a2.625 2.625 0 0 0-2.386 1.288 2.678 2.678 0 0 0 0 2.731 2.627 2.627 0 0 0 2.386 1.288h76.899c1.45.01 2.633-1.167 2.644-2.631.01-1.464-1.156-2.659-2.606-2.67H87.28a2.625 2.625 0 0 1-2.386-1.287c-.5-.84-.5-1.89 0-2.731a2.625 2.625 0 0 1 2.386-1.288h16.13a2.625 2.625 0 0 0 2.386-1.288c.499-.84.499-1.89 0-2.731a2.625 2.625 0 0 0-2.386-1.288V21.6z",
                      "opacity": ".78",
                    },
                    "ref": null,
                    "rendered": null,
                    "type": [Function],
                  },
                  Object {
                    "instance": null,
                    "key": undefined,
                    "nodeType": "class",
                    "props": Object {
                      "d": "M155.415 49.006h-52.59a2.645 2.645 0 0 0-2.502 2.653c0 1.416 1.1 2.584 2.502 2.653h15.666a2.625 2.625 0 0 1 2.386 1.288c.499.84.499 1.89 0 2.731a2.625 2.625 0 0 1-2.386 1.288H63.46a2.625 2.625 0 0 0-2.386 1.287c-.5.841-.5 1.891 0 2.732a2.626 2.626 0 0 0 2.386 1.287h15.665a2.625 2.625 0 0 1 2.386 1.288c.5.84.5 1.89 0 2.731a2.625 2.625 0 0 1-2.386 1.288H59.19a2.645 2.645 0 0 0-2.502 2.653c0 1.417 1.1 2.584 2.502 2.653h52.59c1.45.011 2.633-1.167 2.643-2.63.01-1.464-1.156-2.659-2.605-2.67h-6.019a2.625 2.625 0 0 1-2.386-1.287 2.68 2.68 0 0 1 0-2.732 2.625 2.625 0 0 1 2.386-1.287h45.358c1.45.01 2.633-1.167 2.644-2.631.01-1.464-1.156-2.659-2.606-2.67h-6.038a2.625 2.625 0 0 1-2.386-1.287 2.678 2.678 0 0 1 0-2.731 2.625 2.625 0 0 1 2.386-1.288h10.251a2.645 2.645 0 0 0 2.502-2.653c0-1.417-1.1-2.584-2.502-2.654l.007-.012z",
                      "opacity": ".73",
                    },
                    "ref": null,
                    "rendered": null,
                    "type": [Function],
                  },
                ],
                "type": [Function],
              },
            ],
            "type": [Function],
          },
          "type": [Function],
        },
        "type": [Function],
      },
      "type": [Function],
    },
    "type": [Function],
  },
  Symbol(enzyme.__nodes__): Array [
    Object {
      "instance": null,
      "key": undefined,
      "nodeType": "class",
      "props": Object {
        "children": <Styled(View)
          backgroundColor="#f8f8fc"
          height={300}
          width={300}
        >
          <Styled(View)
            left={75}
            top={75}
          >
            <Svg
              height={150}
              preserveAspectRatio="xMidYMid meet"
              viewBox="0 0 160 100"
              width={150}
            >
              <G>
                <Ellipse
                  cx="122.653"
                  cy="30.494"
                  fill="#D5D5D9"
                  opacity=".1"
                  rx="30.347"
                  ry="30.494"
                />
                <Path
                  d="M90.224 94.269c-.779-16.456-7.821-73.357-21.956-62.37-14.135 10.987-15.026 48.995-25.695 57.866C31.903 98.635 28.712 51 20.972 51.864 13.232 52.727 0 105.88 0 105.88l.33-.334s91.615.113 90.368 1.323c.006 0-.237-7.63-.474-12.6z"
                  fill="#9E9E9E"
                  fill-rule="nonzero"
                  opacity=".2"
                />
                <G
                  fill="#FFF"
                  fill-rule="nonzero"
                >
                  <Path
                    d="M103.41 21.6H56.489a2.645 2.645 0 0 0-2.502 2.653c0 1.417 1.1 2.584 2.502 2.654h10.003a2.645 2.645 0 0 1 2.502 2.653c0 1.416-1.1 2.584-2.502 2.653H46.568a2.625 2.625 0 0 0-2.386 1.288 2.678 2.678 0 0 0 0 2.731 2.627 2.627 0 0 0 2.386 1.288h76.899c1.45.01 2.633-1.167 2.644-2.631.01-1.464-1.156-2.659-2.606-2.67H87.28a2.625 2.625 0 0 1-2.386-1.287c-.5-.84-.5-1.89 0-2.731a2.625 2.625 0 0 1 2.386-1.288h16.13a2.625 2.625 0 0 0 2.386-1.288c.499-.84.499-1.89 0-2.731a2.625 2.625 0 0 0-2.386-1.288V21.6z"
                    opacity=".78"
                  />
                  <Path
                    d="M155.415 49.006h-52.59a2.645 2.645 0 0 0-2.502 2.653c0 1.416 1.1 2.584 2.502 2.653h15.666a2.625 2.625 0 0 1 2.386 1.288c.499.84.499 1.89 0 2.731a2.625 2.625 0 0 1-2.386 1.288H63.46a2.625 2.625 0 0 0-2.386 1.287c-.5.841-.5 1.891 0 2.732a2.626 2.626 0 0 0 2.386 1.287h15.665a2.625 2.625 0 0 1 2.386 1.288c.5.84.5 1.89 0 2.731a2.625 2.625 0 0 1-2.386 1.288H59.19a2.645 2.645 0 0 0-2.502 2.653c0 1.417 1.1 2.584 2.502 2.653h52.59c1.45.011 2.633-1.167 2.643-2.63.01-1.464-1.156-2.659-2.605-2.67h-6.019a2.625 2.625 0 0 1-2.386-1.287 2.68 2.68 0 0 1 0-2.732 2.625 2.625 0 0 1 2.386-1.287h45.358c1.45.01 2.633-1.167 2.644-2.631.01-1.464-1.156-2.659-2.606-2.67h-6.038a2.625 2.625 0 0 1-2.386-1.287 2.678 2.678 0 0 1 0-2.731 2.625 2.625 0 0 1 2.386-1.288h10.251a2.645 2.645 0 0 0 2.502-2.653c0-1.417-1.1-2.584-2.502-2.654l.007-.012z"
                    opacity=".73"
                  />
                </G>
              </G>
            </Svg>
          </Styled(View)>
        </Styled(View)>,
      },
      "ref": null,
      "rendered": Object {
        "instance": null,
        "key": undefined,
        "nodeType": "class",
        "props": Object {
          "backgroundColor": "#f8f8fc",
          "children": <Styled(View)
            left={75}
            top={75}
          >
            <Svg
              height={150}
              preserveAspectRatio="xMidYMid meet"
              viewBox="0 0 160 100"
              width={150}
            >
              <G>
                <Ellipse
                  cx="122.653"
                  cy="30.494"
                  fill="#D5D5D9"
                  opacity=".1"
                  rx="30.347"
                  ry="30.494"
                />
                <Path
                  d="M90.224 94.269c-.779-16.456-7.821-73.357-21.956-62.37-14.135 10.987-15.026 48.995-25.695 57.866C31.903 98.635 28.712 51 20.972 51.864 13.232 52.727 0 105.88 0 105.88l.33-.334s91.615.113 90.368 1.323c.006 0-.237-7.63-.474-12.6z"
                  fill="#9E9E9E"
                  fill-rule="nonzero"
                  opacity=".2"
                />
                <G
                  fill="#FFF"
                  fill-rule="nonzero"
                >
                  <Path
                    d="M103.41 21.6H56.489a2.645 2.645 0 0 0-2.502 2.653c0 1.417 1.1 2.584 2.502 2.654h10.003a2.645 2.645 0 0 1 2.502 2.653c0 1.416-1.1 2.584-2.502 2.653H46.568a2.625 2.625 0 0 0-2.386 1.288 2.678 2.678 0 0 0 0 2.731 2.627 2.627 0 0 0 2.386 1.288h76.899c1.45.01 2.633-1.167 2.644-2.631.01-1.464-1.156-2.659-2.606-2.67H87.28a2.625 2.625 0 0 1-2.386-1.287c-.5-.84-.5-1.89 0-2.731a2.625 2.625 0 0 1 2.386-1.288h16.13a2.625 2.625 0 0 0 2.386-1.288c.499-.84.499-1.89 0-2.731a2.625 2.625 0 0 0-2.386-1.288V21.6z"
                    opacity=".78"
                  />
                  <Path
                    d="M155.415 49.006h-52.59a2.645 2.645 0 0 0-2.502 2.653c0 1.416 1.1 2.584 2.502 2.653h15.666a2.625 2.625 0 0 1 2.386 1.288c.499.84.499 1.89 0 2.731a2.625 2.625 0 0 1-2.386 1.288H63.46a2.625 2.625 0 0 0-2.386 1.287c-.5.841-.5 1.891 0 2.732a2.626 2.626 0 0 0 2.386 1.287h15.665a2.625 2.625 0 0 1 2.386 1.288c.5.84.5 1.89 0 2.731a2.625 2.625 0 0 1-2.386 1.288H59.19a2.645 2.645 0 0 0-2.502 2.653c0 1.417 1.1 2.584 2.502 2.653h52.59c1.45.011 2.633-1.167 2.643-2.63.01-1.464-1.156-2.659-2.605-2.67h-6.019a2.625 2.625 0 0 1-2.386-1.287 2.68 2.68 0 0 1 0-2.732 2.625 2.625 0 0 1 2.386-1.287h45.358c1.45.01 2.633-1.167 2.644-2.631.01-1.464-1.156-2.659-2.606-2.67h-6.038a2.625 2.625 0 0 1-2.386-1.287 2.678 2.678 0 0 1 0-2.731 2.625 2.625 0 0 1 2.386-1.288h10.251a2.645 2.645 0 0 0 2.502-2.653c0-1.417-1.1-2.584-2.502-2.654l.007-.012z"
                    opacity=".73"
                  />
                </G>
              </G>
            </Svg>
          </Styled(View)>,
          "height": 300,
          "width": 300,
        },
        "ref": null,
        "rendered": Object {
          "instance": null,
          "key": undefined,
          "nodeType": "class",
          "props": Object {
            "children": <Svg
              height={150}
              preserveAspectRatio="xMidYMid meet"
              viewBox="0 0 160 100"
              width={150}
            >
              <G>
                <Ellipse
                  cx="122.653"
                  cy="30.494"
                  fill="#D5D5D9"
                  opacity=".1"
                  rx="30.347"
                  ry="30.494"
                />
                <Path
                  d="M90.224 94.269c-.779-16.456-7.821-73.357-21.956-62.37-14.135 10.987-15.026 48.995-25.695 57.866C31.903 98.635 28.712 51 20.972 51.864 13.232 52.727 0 105.88 0 105.88l.33-.334s91.615.113 90.368 1.323c.006 0-.237-7.63-.474-12.6z"
                  fill="#9E9E9E"
                  fill-rule="nonzero"
                  opacity=".2"
                />
                <G
                  fill="#FFF"
                  fill-rule="nonzero"
                >
                  <Path
                    d="M103.41 21.6H56.489a2.645 2.645 0 0 0-2.502 2.653c0 1.417 1.1 2.584 2.502 2.654h10.003a2.645 2.645 0 0 1 2.502 2.653c0 1.416-1.1 2.584-2.502 2.653H46.568a2.625 2.625 0 0 0-2.386 1.288 2.678 2.678 0 0 0 0 2.731 2.627 2.627 0 0 0 2.386 1.288h76.899c1.45.01 2.633-1.167 2.644-2.631.01-1.464-1.156-2.659-2.606-2.67H87.28a2.625 2.625 0 0 1-2.386-1.287c-.5-.84-.5-1.89 0-2.731a2.625 2.625 0 0 1 2.386-1.288h16.13a2.625 2.625 0 0 0 2.386-1.288c.499-.84.499-1.89 0-2.731a2.625 2.625 0 0 0-2.386-1.288V21.6z"
                    opacity=".78"
                  />
                  <Path
                    d="M155.415 49.006h-52.59a2.645 2.645 0 0 0-2.502 2.653c0 1.416 1.1 2.584 2.502 2.653h15.666a2.625 2.625 0 0 1 2.386 1.288c.499.84.499 1.89 0 2.731a2.625 2.625 0 0 1-2.386 1.288H63.46a2.625 2.625 0 0 0-2.386 1.287c-.5.841-.5 1.891 0 2.732a2.626 2.626 0 0 0 2.386 1.287h15.665a2.625 2.625 0 0 1 2.386 1.288c.5.84.5 1.89 0 2.731a2.625 2.625 0 0 1-2.386 1.288H59.19a2.645 2.645 0 0 0-2.502 2.653c0 1.417 1.1 2.584 2.502 2.653h52.59c1.45.011 2.633-1.167 2.643-2.63.01-1.464-1.156-2.659-2.605-2.67h-6.019a2.625 2.625 0 0 1-2.386-1.287 2.68 2.68 0 0 1 0-2.732 2.625 2.625 0 0 1 2.386-1.287h45.358c1.45.01 2.633-1.167 2.644-2.631.01-1.464-1.156-2.659-2.606-2.67h-6.038a2.625 2.625 0 0 1-2.386-1.287 2.678 2.678 0 0 1 0-2.731 2.625 2.625 0 0 1 2.386-1.288h10.251a2.645 2.645 0 0 0 2.502-2.653c0-1.417-1.1-2.584-2.502-2.654l.007-.012z"
                    opacity=".73"
                  />
                </G>
              </G>
            </Svg>,
            "left": 75,
            "top": 75,
          },
          "ref": null,
          "rendered": Object {
            "instance": null,
            "key": undefined,
            "nodeType": "class",
            "props": Object {
              "children": <G>
                <Ellipse
                  cx="122.653"
                  cy="30.494"
                  fill="#D5D5D9"
                  opacity=".1"
                  rx="30.347"
                  ry="30.494"
                />
                <Path
                  d="M90.224 94.269c-.779-16.456-7.821-73.357-21.956-62.37-14.135 10.987-15.026 48.995-25.695 57.866C31.903 98.635 28.712 51 20.972 51.864 13.232 52.727 0 105.88 0 105.88l.33-.334s91.615.113 90.368 1.323c.006 0-.237-7.63-.474-12.6z"
                  fill="#9E9E9E"
                  fill-rule="nonzero"
                  opacity=".2"
                />
                <G
                  fill="#FFF"
                  fill-rule="nonzero"
                >
                  <Path
                    d="M103.41 21.6H56.489a2.645 2.645 0 0 0-2.502 2.653c0 1.417 1.1 2.584 2.502 2.654h10.003a2.645 2.645 0 0 1 2.502 2.653c0 1.416-1.1 2.584-2.502 2.653H46.568a2.625 2.625 0 0 0-2.386 1.288 2.678 2.678 0 0 0 0 2.731 2.627 2.627 0 0 0 2.386 1.288h76.899c1.45.01 2.633-1.167 2.644-2.631.01-1.464-1.156-2.659-2.606-2.67H87.28a2.625 2.625 0 0 1-2.386-1.287c-.5-.84-.5-1.89 0-2.731a2.625 2.625 0 0 1 2.386-1.288h16.13a2.625 2.625 0 0 0 2.386-1.288c.499-.84.499-1.89 0-2.731a2.625 2.625 0 0 0-2.386-1.288V21.6z"
                    opacity=".78"
                  />
                  <Path
                    d="M155.415 49.006h-52.59a2.645 2.645 0 0 0-2.502 2.653c0 1.416 1.1 2.584 2.502 2.653h15.666a2.625 2.625 0 0 1 2.386 1.288c.499.84.499 1.89 0 2.731a2.625 2.625 0 0 1-2.386 1.288H63.46a2.625 2.625 0 0 0-2.386 1.287c-.5.841-.5 1.891 0 2.732a2.626 2.626 0 0 0 2.386 1.287h15.665a2.625 2.625 0 0 1 2.386 1.288c.5.84.5 1.89 0 2.731a2.625 2.625 0 0 1-2.386 1.288H59.19a2.645 2.645 0 0 0-2.502 2.653c0 1.417 1.1 2.584 2.502 2.653h52.59c1.45.011 2.633-1.167 2.643-2.63.01-1.464-1.156-2.659-2.605-2.67h-6.019a2.625 2.625 0 0 1-2.386-1.287 2.68 2.68 0 0 1 0-2.732 2.625 2.625 0 0 1 2.386-1.287h45.358c1.45.01 2.633-1.167 2.644-2.631.01-1.464-1.156-2.659-2.606-2.67h-6.038a2.625 2.625 0 0 1-2.386-1.287 2.678 2.678 0 0 1 0-2.731 2.625 2.625 0 0 1 2.386-1.288h10.251a2.645 2.645 0 0 0 2.502-2.653c0-1.417-1.1-2.584-2.502-2.654l.007-.012z"
                    opacity=".73"
                  />
                </G>
              </G>,
              "height": 150,
              "preserveAspectRatio": "xMidYMid meet",
              "viewBox": "0 0 160 100",
              "width": 150,
            },
            "ref": null,
            "rendered": Object {
              "instance": null,
              "key": undefined,
              "nodeType": "class",
              "props": Object {
                "children": Array [
                  <Ellipse
                    cx="122.653"
                    cy="30.494"
                    fill="#D5D5D9"
                    opacity=".1"
                    rx="30.347"
                    ry="30.494"
                  />,
                  <Path
                    d="M90.224 94.269c-.779-16.456-7.821-73.357-21.956-62.37-14.135 10.987-15.026 48.995-25.695 57.866C31.903 98.635 28.712 51 20.972 51.864 13.232 52.727 0 105.88 0 105.88l.33-.334s91.615.113 90.368 1.323c.006 0-.237-7.63-.474-12.6z"
                    fill="#9E9E9E"
                    fill-rule="nonzero"
                    opacity=".2"
                  />,
                  <G
                    fill="#FFF"
                    fill-rule="nonzero"
                  >
                    <Path
                      d="M103.41 21.6H56.489a2.645 2.645 0 0 0-2.502 2.653c0 1.417 1.1 2.584 2.502 2.654h10.003a2.645 2.645 0 0 1 2.502 2.653c0 1.416-1.1 2.584-2.502 2.653H46.568a2.625 2.625 0 0 0-2.386 1.288 2.678 2.678 0 0 0 0 2.731 2.627 2.627 0 0 0 2.386 1.288h76.899c1.45.01 2.633-1.167 2.644-2.631.01-1.464-1.156-2.659-2.606-2.67H87.28a2.625 2.625 0 0 1-2.386-1.287c-.5-.84-.5-1.89 0-2.731a2.625 2.625 0 0 1 2.386-1.288h16.13a2.625 2.625 0 0 0 2.386-1.288c.499-.84.499-1.89 0-2.731a2.625 2.625 0 0 0-2.386-1.288V21.6z"
                      opacity=".78"
                    />
                    <Path
                      d="M155.415 49.006h-52.59a2.645 2.645 0 0 0-2.502 2.653c0 1.416 1.1 2.584 2.502 2.653h15.666a2.625 2.625 0 0 1 2.386 1.288c.499.84.499 1.89 0 2.731a2.625 2.625 0 0 1-2.386 1.288H63.46a2.625 2.625 0 0 0-2.386 1.287c-.5.841-.5 1.891 0 2.732a2.626 2.626 0 0 0 2.386 1.287h15.665a2.625 2.625 0 0 1 2.386 1.288c.5.84.5 1.89 0 2.731a2.625 2.625 0 0 1-2.386 1.288H59.19a2.645 2.645 0 0 0-2.502 2.653c0 1.417 1.1 2.584 2.502 2.653h52.59c1.45.011 2.633-1.167 2.643-2.63.01-1.464-1.156-2.659-2.605-2.67h-6.019a2.625 2.625 0 0 1-2.386-1.287 2.68 2.68 0 0 1 0-2.732 2.625 2.625 0 0 1 2.386-1.287h45.358c1.45.01 2.633-1.167 2.644-2.631.01-1.464-1.156-2.659-2.606-2.67h-6.038a2.625 2.625 0 0 1-2.386-1.287 2.678 2.678 0 0 1 0-2.731 2.625 2.625 0 0 1 2.386-1.288h10.251a2.645 2.645 0 0 0 2.502-2.653c0-1.417-1.1-2.584-2.502-2.654l.007-.012z"
                      opacity=".73"
                    />
                  </G>,
                ],
              },
              "ref": null,
              "rendered": Array [
                Object {
                  "instance": null,
                  "key": undefined,
                  "nodeType": "class",
                  "props": Object {
                    "cx": "122.653",
                    "cy": "30.494",
                    "fill": "#D5D5D9",
                    "opacity": ".1",
                    "rx": "30.347",
                    "ry": "30.494",
                  },
                  "ref": null,
                  "rendered": null,
                  "type": [Function],
                },
                Object {
                  "instance": null,
                  "key": undefined,
                  "nodeType": "class",
                  "props": Object {
                    "d": "M90.224 94.269c-.779-16.456-7.821-73.357-21.956-62.37-14.135 10.987-15.026 48.995-25.695 57.866C31.903 98.635 28.712 51 20.972 51.864 13.232 52.727 0 105.88 0 105.88l.33-.334s91.615.113 90.368 1.323c.006 0-.237-7.63-.474-12.6z",
                    "fill": "#9E9E9E",
                    "fill-rule": "nonzero",
                    "opacity": ".2",
                  },
                  "ref": null,
                  "rendered": null,
                  "type": [Function],
                },
                Object {
                  "instance": null,
                  "key": undefined,
                  "nodeType": "class",
                  "props": Object {
                    "children": Array [
                      <Path
                        d="M103.41 21.6H56.489a2.645 2.645 0 0 0-2.502 2.653c0 1.417 1.1 2.584 2.502 2.654h10.003a2.645 2.645 0 0 1 2.502 2.653c0 1.416-1.1 2.584-2.502 2.653H46.568a2.625 2.625 0 0 0-2.386 1.288 2.678 2.678 0 0 0 0 2.731 2.627 2.627 0 0 0 2.386 1.288h76.899c1.45.01 2.633-1.167 2.644-2.631.01-1.464-1.156-2.659-2.606-2.67H87.28a2.625 2.625 0 0 1-2.386-1.287c-.5-.84-.5-1.89 0-2.731a2.625 2.625 0 0 1 2.386-1.288h16.13a2.625 2.625 0 0 0 2.386-1.288c.499-.84.499-1.89 0-2.731a2.625 2.625 0 0 0-2.386-1.288V21.6z"
                        opacity=".78"
                      />,
                      <Path
                        d="M155.415 49.006h-52.59a2.645 2.645 0 0 0-2.502 2.653c0 1.416 1.1 2.584 2.502 2.653h15.666a2.625 2.625 0 0 1 2.386 1.288c.499.84.499 1.89 0 2.731a2.625 2.625 0 0 1-2.386 1.288H63.46a2.625 2.625 0 0 0-2.386 1.287c-.5.841-.5 1.891 0 2.732a2.626 2.626 0 0 0 2.386 1.287h15.665a2.625 2.625 0 0 1 2.386 1.288c.5.84.5 1.89 0 2.731a2.625 2.625 0 0 1-2.386 1.288H59.19a2.645 2.645 0 0 0-2.502 2.653c0 1.417 1.1 2.584 2.502 2.653h52.59c1.45.011 2.633-1.167 2.643-2.63.01-1.464-1.156-2.659-2.605-2.67h-6.019a2.625 2.625 0 0 1-2.386-1.287 2.68 2.68 0 0 1 0-2.732 2.625 2.625 0 0 1 2.386-1.287h45.358c1.45.01 2.633-1.167 2.644-2.631.01-1.464-1.156-2.659-2.606-2.67h-6.038a2.625 2.625 0 0 1-2.386-1.287 2.678 2.678 0 0 1 0-2.731 2.625 2.625 0 0 1 2.386-1.288h10.251a2.645 2.645 0 0 0 2.502-2.653c0-1.417-1.1-2.584-2.502-2.654l.007-.012z"
                        opacity=".73"
                      />,
                    ],
                    "fill": "#FFF",
                    "fill-rule": "nonzero",
                  },
                  "ref": null,
                  "rendered": Array [
                    Object {
                      "instance": null,
                      "key": undefined,
                      "nodeType": "class",
                      "props": Object {
                        "d": "M103.41 21.6H56.489a2.645 2.645 0 0 0-2.502 2.653c0 1.417 1.1 2.584 2.502 2.654h10.003a2.645 2.645 0 0 1 2.502 2.653c0 1.416-1.1 2.584-2.502 2.653H46.568a2.625 2.625 0 0 0-2.386 1.288 2.678 2.678 0 0 0 0 2.731 2.627 2.627 0 0 0 2.386 1.288h76.899c1.45.01 2.633-1.167 2.644-2.631.01-1.464-1.156-2.659-2.606-2.67H87.28a2.625 2.625 0 0 1-2.386-1.287c-.5-.84-.5-1.89 0-2.731a2.625 2.625 0 0 1 2.386-1.288h16.13a2.625 2.625 0 0 0 2.386-1.288c.499-.84.499-1.89 0-2.731a2.625 2.625 0 0 0-2.386-1.288V21.6z",
                        "opacity": ".78",
                      },
                      "ref": null,
                      "rendered": null,
                      "type": [Function],
                    },
                    Object {
                      "instance": null,
                      "key": undefined,
                      "nodeType": "class",
                      "props": Object {
                        "d": "M155.415 49.006h-52.59a2.645 2.645 0 0 0-2.502 2.653c0 1.416 1.1 2.584 2.502 2.653h15.666a2.625 2.625 0 0 1 2.386 1.288c.499.84.499 1.89 0 2.731a2.625 2.625 0 0 1-2.386 1.288H63.46a2.625 2.625 0 0 0-2.386 1.287c-.5.841-.5 1.891 0 2.732a2.626 2.626 0 0 0 2.386 1.287h15.665a2.625 2.625 0 0 1 2.386 1.288c.5.84.5 1.89 0 2.731a2.625 2.625 0 0 1-2.386 1.288H59.19a2.645 2.645 0 0 0-2.502 2.653c0 1.417 1.1 2.584 2.502 2.653h52.59c1.45.011 2.633-1.167 2.643-2.63.01-1.464-1.156-2.659-2.605-2.67h-6.019a2.625 2.625 0 0 1-2.386-1.287 2.68 2.68 0 0 1 0-2.732 2.625 2.625 0 0 1 2.386-1.287h45.358c1.45.01 2.633-1.167 2.644-2.631.01-1.464-1.156-2.659-2.606-2.67h-6.038a2.625 2.625 0 0 1-2.386-1.287 2.678 2.678 0 0 1 0-2.731 2.625 2.625 0 0 1 2.386-1.288h10.251a2.645 2.645 0 0 0 2.502-2.653c0-1.417-1.1-2.584-2.502-2.654l.007-.012z",
                        "opacity": ".73",
                      },
                      "ref": null,
                      "rendered": null,
                      "type": [Function],
                    },
                  ],
                  "type": [Function],
                },
              ],
              "type": [Function],
            },
            "type": [Function],
          },
          "type": [Function],
        },
        "type": [Function],
      },
      "type": [Function],
    },
  ],
  Symbol(enzyme.__options__): Object {
    "adapter": ReactSixteenAdapter {
      "options": Object {
        "enableComponentDidUpdateOnSetState": true,
        "lifecycles": Object {
          "componentDidUpdate": Object {
            "onSetState": true,
          },
          "getDerivedStateFromProps": true,
          "getSnapshotBeforeUpdate": true,
          "setState": Object {
            "skipsComponentDidUpdateOnNullish": true,
          },
        },
      },
    },
    "attachTo": undefined,
    "hydrateIn": undefined,
  },
}
`;
