// Jest Snapshot v1, https://goo.gl/fbAQLP

exports[`SliderBody component Renders correctly it renders default SliderBody 1`] = `
ShallowWrapper {
  Symbol(enzyme.__root__): [Circular],
  Symbol(enzyme.__unrendered__): <SliderBody
    maximumValue={100}
    minimumValue={0}
    step={1}
    value={0}
    width={250}
  />,
  Symbol(enzyme.__renderer__): Object {
    "batchedUpdates": [Function],
    "getNode": [Function],
    "render": [Function],
    "simulateError": [Function],
    "simulateEvent": [Function],
    "unmount": [Function],
  },
  Symbol(enzyme.__node__): Object {
    "instance": null,
    "key": undefined,
    "nodeType": "class",
    "props": Object {
      "children": Array [
        <View
          clipChildren={true}
          onLayout={[Function]}
          renderToHardwareTextureAndroid={true}
          style={
            Array [
              Object {
                "backgroundColor": undefined,
              },
              Object {
                "borderRadius": 20,
                "height": 2,
                "width": "99%",
              },
              undefined,
            ]
          }
        />,
        <AnimatedComponent
          renderToHardwareTextureAndroid={true}
          style={
            Array [
              Object {
                "borderRadius": 20,
                "height": 2,
                "width": "99%",
              },
              undefined,
              Object {
                "backgroundColor": undefined,
                "position": "absolute",
                "width": 0,
              },
            ]
          }
        />,
        null,
        <AnimatedComponent
          onLayout={[Function]}
          renderToHardwareTextureAndroid={true}
          style={
            Array [
              Object {
                "backgroundColor": undefined,
                "opacity": 1,
              },
              Object {
                "borderRadius": 15,
                "height": 30,
                "position": "absolute",
                "width": 30,
              },
              undefined,
              Object {
                "transform": Array [
                  Object {
                    "translateX": 0,
                  },
                  Object {
                    "translateY": 0,
                  },
                ],
              },
            ]
          }
        >
          <Image
            source={
              Object {
                "testUri": "../../assets/selected.png",
              }
            }
            style={
              Object {
                "left": -3.5,
                "top": -2,
              }
            }
          />
        </AnimatedComponent>,
        <AnimatedComponent
          onLayout={[Function]}
          renderToHardwareTextureAndroid={true}
          style={
            Array [
              Object {
                "alignItems": "center",
                "bottom": 40,
                "left": -2,
                "position": "absolute",
                "width": 32,
              },
              Object {
                "transform": Array [
                  Object {
                    "translateX": 0,
                  },
                  Object {
                    "translateY": 0,
                  },
                ],
              },
            ]
          }
        >
          <Styled(Text) />
        </AnimatedComponent>,
        <View
          onMoveShouldSetResponder={[Function]}
          onMoveShouldSetResponderCapture={[Function]}
          onResponderEnd={[Function]}
          onResponderGrant={[Function]}
          onResponderMove={[Function]}
          onResponderReject={[Function]}
          onResponderRelease={[Function]}
          onResponderStart={[Function]}
          onResponderTerminate={[Function]}
          onResponderTerminationRequest={[Function]}
          onStartShouldSetResponder={[Function]}
          onStartShouldSetResponderCapture={[Function]}
          renderToHardwareTextureAndroid={true}
          style={
            Array [
              Object {
                "bottom": 0,
                "left": 0,
                "position": "absolute",
                "right": 0,
                "top": 0,
              },
            ]
          }
        />,
      ],
      "clipChildren": true,
      "onLayout": [Function],
      "step": 1,
      "style": Array [
        Object {
          "width": 250,
        },
        Object {
          "height": 40,
          "justifyContent": "center",
          "marginLeft": "1%",
        },
      ],
      "value": 0,
    },
    "ref": null,
    "rendered": Array [
      Object {
        "instance": null,
        "key": undefined,
        "nodeType": "class",
        "props": Object {
          "clipChildren": true,
          "onLayout": [Function],
          "renderToHardwareTextureAndroid": true,
          "style": Array [
            Object {
              "backgroundColor": undefined,
            },
            Object {
              "borderRadius": 20,
              "height": 2,
              "width": "99%",
            },
            undefined,
          ],
        },
        "ref": null,
        "rendered": null,
        "type": [Function],
      },
      Object {
        "instance": null,
        "key": undefined,
        "nodeType": "class",
        "props": Object {
          "renderToHardwareTextureAndroid": true,
          "style": Array [
            Object {
              "borderRadius": 20,
              "height": 2,
              "width": "99%",
            },
            undefined,
            Object {
              "backgroundColor": undefined,
              "position": "absolute",
              "width": 0,
            },
          ],
        },
        "ref": null,
        "rendered": null,
        "type": [Function],
      },
      null,
      Object {
        "instance": null,
        "key": undefined,
        "nodeType": "class",
        "props": Object {
          "children": <Image
            source={
              Object {
                "testUri": "../../assets/selected.png",
              }
            }
            style={
              Object {
                "left": -3.5,
                "top": -2,
              }
            }
          />,
          "onLayout": [Function],
          "renderToHardwareTextureAndroid": true,
          "style": Array [
            Object {
              "backgroundColor": undefined,
              "opacity": 1,
            },
            Object {
              "borderRadius": 15,
              "height": 30,
              "position": "absolute",
              "width": 30,
            },
            undefined,
            Object {
              "transform": Array [
                Object {
                  "translateX": 0,
                },
                Object {
                  "translateY": 0,
                },
              ],
            },
          ],
        },
        "ref": null,
        "rendered": Object {
          "instance": null,
          "key": undefined,
          "nodeType": "class",
          "props": Object {
            "source": Object {
              "testUri": "../../assets/selected.png",
            },
            "style": Object {
              "left": -3.5,
              "top": -2,
            },
          },
          "ref": null,
          "rendered": null,
          "type": [Function],
        },
        "type": [Function],
      },
      Object {
        "instance": null,
        "key": undefined,
        "nodeType": "class",
        "props": Object {
          "children": <Styled(Text) />,
          "onLayout": [Function],
          "renderToHardwareTextureAndroid": true,
          "style": Array [
            Object {
              "alignItems": "center",
              "bottom": 40,
              "left": -2,
              "position": "absolute",
              "width": 32,
            },
            Object {
              "transform": Array [
                Object {
                  "translateX": 0,
                },
                Object {
                  "translateY": 0,
                },
              ],
            },
          ],
        },
        "ref": null,
        "rendered": Object {
          "instance": null,
          "key": undefined,
          "nodeType": "class",
          "props": Object {
            "children": undefined,
            "color": undefined,
            "fontFamily": undefined,
            "fontSize": undefined,
            "fontWeight": undefined,
            "lineHeight": undefined,
          },
          "ref": null,
          "rendered": null,
          "type": [Function],
        },
        "type": [Function],
      },
      Object {
        "instance": null,
        "key": undefined,
        "nodeType": "class",
        "props": Object {
          "onMoveShouldSetResponder": [Function],
          "onMoveShouldSetResponderCapture": [Function],
          "onResponderEnd": [Function],
          "onResponderGrant": [Function],
          "onResponderMove": [Function],
          "onResponderReject": [Function],
          "onResponderRelease": [Function],
          "onResponderStart": [Function],
          "onResponderTerminate": [Function],
          "onResponderTerminationRequest": [Function],
          "onStartShouldSetResponder": [Function],
          "onStartShouldSetResponderCapture": [Function],
          "renderToHardwareTextureAndroid": true,
          "style": Array [
            Object {
              "bottom": 0,
              "left": 0,
              "position": "absolute",
              "right": 0,
              "top": 0,
            },
          ],
        },
        "ref": null,
        "rendered": null,
        "type": [Function],
      },
    ],
    "type": [Function],
  },
  Symbol(enzyme.__nodes__): Array [
    Object {
      "instance": null,
      "key": undefined,
      "nodeType": "class",
      "props": Object {
        "children": Array [
          <View
            clipChildren={true}
            onLayout={[Function]}
            renderToHardwareTextureAndroid={true}
            style={
              Array [
                Object {
                  "backgroundColor": undefined,
                },
                Object {
                  "borderRadius": 20,
                  "height": 2,
                  "width": "99%",
                },
                undefined,
              ]
            }
          />,
          <AnimatedComponent
            renderToHardwareTextureAndroid={true}
            style={
              Array [
                Object {
                  "borderRadius": 20,
                  "height": 2,
                  "width": "99%",
                },
                undefined,
                Object {
                  "backgroundColor": undefined,
                  "position": "absolute",
                  "width": 0,
                },
              ]
            }
          />,
          null,
          <AnimatedComponent
            onLayout={[Function]}
            renderToHardwareTextureAndroid={true}
            style={
              Array [
                Object {
                  "backgroundColor": undefined,
                  "opacity": 1,
                },
                Object {
                  "borderRadius": 15,
                  "height": 30,
                  "position": "absolute",
                  "width": 30,
                },
                undefined,
                Object {
                  "transform": Array [
                    Object {
                      "translateX": 0,
                    },
                    Object {
                      "translateY": 0,
                    },
                  ],
                },
              ]
            }
          >
            <Image
              source={
                Object {
                  "testUri": "../../assets/selected.png",
                }
              }
              style={
                Object {
                  "left": -3.5,
                  "top": -2,
                }
              }
            />
          </AnimatedComponent>,
          <AnimatedComponent
            onLayout={[Function]}
            renderToHardwareTextureAndroid={true}
            style={
              Array [
                Object {
                  "alignItems": "center",
                  "bottom": 40,
                  "left": -2,
                  "position": "absolute",
                  "width": 32,
                },
                Object {
                  "transform": Array [
                    Object {
                      "translateX": 0,
                    },
                    Object {
                      "translateY": 0,
                    },
                  ],
                },
              ]
            }
          >
            <Styled(Text) />
          </AnimatedComponent>,
          <View
            onMoveShouldSetResponder={[Function]}
            onMoveShouldSetResponderCapture={[Function]}
            onResponderEnd={[Function]}
            onResponderGrant={[Function]}
            onResponderMove={[Function]}
            onResponderReject={[Function]}
            onResponderRelease={[Function]}
            onResponderStart={[Function]}
            onResponderTerminate={[Function]}
            onResponderTerminationRequest={[Function]}
            onStartShouldSetResponder={[Function]}
            onStartShouldSetResponderCapture={[Function]}
            renderToHardwareTextureAndroid={true}
            style={
              Array [
                Object {
                  "bottom": 0,
                  "left": 0,
                  "position": "absolute",
                  "right": 0,
                  "top": 0,
                },
              ]
            }
          />,
        ],
        "clipChildren": true,
        "onLayout": [Function],
        "step": 1,
        "style": Array [
          Object {
            "width": 250,
          },
          Object {
            "height": 40,
            "justifyContent": "center",
            "marginLeft": "1%",
          },
        ],
        "value": 0,
      },
      "ref": null,
      "rendered": Array [
        Object {
          "instance": null,
          "key": undefined,
          "nodeType": "class",
          "props": Object {
            "clipChildren": true,
            "onLayout": [Function],
            "renderToHardwareTextureAndroid": true,
            "style": Array [
              Object {
                "backgroundColor": undefined,
              },
              Object {
                "borderRadius": 20,
                "height": 2,
                "width": "99%",
              },
              undefined,
            ],
          },
          "ref": null,
          "rendered": null,
          "type": [Function],
        },
        Object {
          "instance": null,
          "key": undefined,
          "nodeType": "class",
          "props": Object {
            "renderToHardwareTextureAndroid": true,
            "style": Array [
              Object {
                "borderRadius": 20,
                "height": 2,
                "width": "99%",
              },
              undefined,
              Object {
                "backgroundColor": undefined,
                "position": "absolute",
                "width": 0,
              },
            ],
          },
          "ref": null,
          "rendered": null,
          "type": [Function],
        },
        null,
        Object {
          "instance": null,
          "key": undefined,
          "nodeType": "class",
          "props": Object {
            "children": <Image
              source={
                Object {
                  "testUri": "../../assets/selected.png",
                }
              }
              style={
                Object {
                  "left": -3.5,
                  "top": -2,
                }
              }
            />,
            "onLayout": [Function],
            "renderToHardwareTextureAndroid": true,
            "style": Array [
              Object {
                "backgroundColor": undefined,
                "opacity": 1,
              },
              Object {
                "borderRadius": 15,
                "height": 30,
                "position": "absolute",
                "width": 30,
              },
              undefined,
              Object {
                "transform": Array [
                  Object {
                    "translateX": 0,
                  },
                  Object {
                    "translateY": 0,
                  },
                ],
              },
            ],
          },
          "ref": null,
          "rendered": Object {
            "instance": null,
            "key": undefined,
            "nodeType": "class",
            "props": Object {
              "source": Object {
                "testUri": "../../assets/selected.png",
              },
              "style": Object {
                "left": -3.5,
                "top": -2,
              },
            },
            "ref": null,
            "rendered": null,
            "type": [Function],
          },
          "type": [Function],
        },
        Object {
          "instance": null,
          "key": undefined,
          "nodeType": "class",
          "props": Object {
            "children": <Styled(Text) />,
            "onLayout": [Function],
            "renderToHardwareTextureAndroid": true,
            "style": Array [
              Object {
                "alignItems": "center",
                "bottom": 40,
                "left": -2,
                "position": "absolute",
                "width": 32,
              },
              Object {
                "transform": Array [
                  Object {
                    "translateX": 0,
                  },
                  Object {
                    "translateY": 0,
                  },
                ],
              },
            ],
          },
          "ref": null,
          "rendered": Object {
            "instance": null,
            "key": undefined,
            "nodeType": "class",
            "props": Object {
              "children": undefined,
              "color": undefined,
              "fontFamily": undefined,
              "fontSize": undefined,
              "fontWeight": undefined,
              "lineHeight": undefined,
            },
            "ref": null,
            "rendered": null,
            "type": [Function],
          },
          "type": [Function],
        },
        Object {
          "instance": null,
          "key": undefined,
          "nodeType": "class",
          "props": Object {
            "onMoveShouldSetResponder": [Function],
            "onMoveShouldSetResponderCapture": [Function],
            "onResponderEnd": [Function],
            "onResponderGrant": [Function],
            "onResponderMove": [Function],
            "onResponderReject": [Function],
            "onResponderRelease": [Function],
            "onResponderStart": [Function],
            "onResponderTerminate": [Function],
            "onResponderTerminationRequest": [Function],
            "onStartShouldSetResponder": [Function],
            "onStartShouldSetResponderCapture": [Function],
            "renderToHardwareTextureAndroid": true,
            "style": Array [
              Object {
                "bottom": 0,
                "left": 0,
                "position": "absolute",
                "right": 0,
                "top": 0,
              },
            ],
          },
          "ref": null,
          "rendered": null,
          "type": [Function],
        },
      ],
      "type": [Function],
    },
  ],
  Symbol(enzyme.__options__): Object {
    "adapter": ReactSixteenAdapter {
      "options": Object {
        "enableComponentDidUpdateOnSetState": true,
        "lifecycles": Object {
          "componentDidUpdate": Object {
            "onSetState": true,
          },
          "getDerivedStateFromProps": true,
          "getSnapshotBeforeUpdate": true,
          "setState": Object {
            "skipsComponentDidUpdateOnNullish": true,
          },
        },
      },
    },
    "attachTo": undefined,
    "hydrateIn": undefined,
  },
}
`;
